// Jest Snapshot v1, https://goo.gl/fbAQLP

exports[`React components Form should render self 1`] = `
<form
  onSubmit={[Function]}
>
  <div
    className="field"
  >
    <div
      className="control"
    >
      <input
        className="input"
        onChange={[Function]}
        placeholder="Vehicle or Spaceship"
        type="text"
        value=""
      />
    </div>
  </div>
  <div
    className="field"
  >
    <p
      className="control"
    >
      <span
        className="select"
      >
        <select
          onChange={[Function]}
        >
          <option
            value=""
          >
            Select
          </option>
        </select>
      </span>
    </p>
  </div>
  <div
    className="buttons"
  >
    <button
      className="button is-primary"
      disabled={true}
      type="submit"
    >
      Search
    </button>
    <button
      className="button is-link"
      onClick={[Function]}
    >
      Clear
    </button>
  </div>
</form>
`;

exports[`React components List should render self 1`] = `
<div
  className="section"
>
  <h1
    className="title"
  >
    Search Results
  </h1>
  <ul
    className="content"
  >
    <li
      className="box"
    >
      <div
        className="columns"
      >
        <div
          className="column"
        >
          No Search Results
        </div>
      </div>
    </li>
  </ul>
</div>
`;
